<html>
<body>
<pre>
<h1>µVision Build Log</h1>
<h2>Tool Versions:</h2>
IDE-Version: ¦ÌVision V5.22.0.0
Copyright (C) 2016 ARM Ltd and ARM Germany GmbH. All rights reserved.
License Information: zhou walle, SD, LIC=JL2Z9-4Z9MY-V15P8-3N5WL-9SM4N-46YA0
 
Tool Versions:
Toolchain:       MDK-ARM Plus  Version: 5.22
Toolchain Path:  C:\Keil_v5\ARM\ARMCC\Bin
C Compiler:      Armcc.exe V5.06 update 4 (build 422)
Assembler:       Armasm.exe V5.06 update 4 (build 422)
Linker/Locator:  ArmLink.exe V5.06 update 4 (build 422)
Library Manager: ArmAr.exe V5.06 update 4 (build 422)
Hex Converter:   FromElf.exe V5.06 update 4 (build 422)
CPU DLL:         SARMCM3.DLL V5.22
Dialog DLL:      DCM.DLL V1.13.9.0
Target DLL:      Segger\JL2CM3.dll V2.99.23.0
Dialog DLL:      TCM.DLL V1.21.0.0
 
<h2>Project:</h2>
E:\SHIDING_WORK\CodePlace\FR8016HA_Peripheral_Demo\examples\dev1.0\ble_simple_peripheral\keil\ble_simple_peripheral.uvproj
Project File Date:  06/03/2020

<h2>Output:</h2>
*** Using Compiler 'V5.06 update 4 (build 422)', folder: 'C:\Keil_v5\ARM\ARMCC\Bin'
Rebuild target 'ble_simple_peripheral'
compiling button.c...
compiling simple_gatt_service.c...
compiling ringbuffer.c...
compiling adpcm_ms.c...
compiling speaker_service.c...
compiling proj_main.c...
compiling user_task.c...
compiling sht3x.c...
compiling sht3x_sw_i2c.c...
compiling decoder.c...
compiling sht3x_common.c...
compiling ble_simple_peripheral.c...
compiling speaker.c...
compiling gyro_driver.c...
compiling sht3x_sw_i2c_implementation.c...
compiling driver_keyscan.c...
compiling driver_pmu_qdec.c...
compiling capb18-001.c...
compiling driver_wdt.c...
compiling driver_pmu.c...
compiling driver_iic.c...
compiling driver_uart.c...
compiling driver_rtc.c...
compiling core_cm3_isr.c...
compiling driver_codec.c...
compiling driver_i2s.c...
assembling app_boot_vectors.s...
compiling lcd.c...
compiling driver_efuse.c...
compiling driver_exti.c...
compiling driver_timer.c...
compiling driver_ssp.c...
compiling patch.c...
..\..\..\..\components\modules\patch\patch.c(117): warning:  #1296-D: extended constant initialiser used
      (uint32_t)llc_patch_1,
..\..\..\..\components\modules\patch\patch.c: 1 warning, 0 errors
linking...
Program Size: Code=109368 RO-data=237016 RW-data=2588 ZI-data=6952  
After Build - User command #1: fromelf.exe  --text  -c -o Output/ble_simple_peripheral.txt  Objects/ble_simple_peripheral.axf
After Build - User command #2: fromelf.exe  --bin -o Output/ble_simple_peripheral.bin  Objects/ble_simple_peripheral.axf
".\Objects\ble_simple_peripheral.axf" - 0 Error(s), 1 Warning(s).
Build Time Elapsed:  00:00:02
</pre>
</body>
</html>
